Need to install the following packages:
vite@7.3.1
